============================= test session starts =============================
platform win32 -- Python 3.12.10, pytest-7.4.3, pluggy-1.6.0 -- C:\Users\rerel\OneDrive\Bureau\Esiee\Esiee\E5\fullstack-data-application\10-projet\.venv\Scripts\python.exe
cachedir: .pytest_cache
rootdir: C:\Users\rerel\OneDrive\Bureau\Esiee\Esiee\E5\fullstack-data-application\10-projet
configfile: pytest.ini
plugins: anyio-3.7.1, asyncio-0.21.1
asyncio: mode=Mode.STRICT
collecting ... collected 1 item

backend/tests/test_signup.py::test_signup_success FAILED                 [100%]

================================== FAILURES ===================================
_____________________________ test_signup_success _____________________________

self = <sqlalchemy.engine.base.Connection object at 0x0000026D034688C0>
dialect = <sqlalchemy.dialects.sqlite.pysqlite.SQLiteDialect_pysqlite object at 0x0000026D0353D3D0>
context = <sqlalchemy.dialects.sqlite.base.SQLiteExecutionContext object at 0x0000026D0372D490>
statement = <sqlalchemy.dialects.sqlite.base.SQLiteCompiler object at 0x0000026D0372C950>
parameters = [('test@example.com', 1, 0)]

    def _exec_single_context(
        self,
        dialect: Dialect,
        context: ExecutionContext,
        statement: Union[str, Compiled],
        parameters: Optional[_AnyMultiExecuteParams],
    ) -> CursorResult[Any]:
        """continue the _execute_context() method for a single DBAPI
        cursor.execute() or cursor.executemany() call.
    
        """
        if dialect.bind_typing is BindTyping.SETINPUTSIZES:
            generic_setinputsizes = context._prepare_set_input_sizes()
    
            if generic_setinputsizes:
                try:
                    dialect.do_set_input_sizes(
                        context.cursor, generic_setinputsizes, context
                    )
                except BaseException as e:
                    self._handle_dbapi_exception(
                        e, str(statement), parameters, None, context
                    )
    
        cursor, str_statement, parameters = (
            context.cursor,
            context.statement,
            context.parameters,
        )
    
        effective_parameters: Optional[_AnyExecuteParams]
    
        if not context.executemany:
            effective_parameters = parameters[0]
        else:
            effective_parameters = parameters
    
        if self._has_events or self.engine._has_events:
            for fn in self.dispatch.before_cursor_execute:
                str_statement, effective_parameters = fn(
                    self,
                    cursor,
                    str_statement,
                    effective_parameters,
                    context,
                    context.executemany,
                )
    
        if self._echo:
            self._log_info(str_statement)
    
            stats = context._get_cache_stats()
    
            if not self.engine.hide_parameters:
                self._log_info(
                    "[%s] %r",
                    stats,
                    sql_util._repr_params(
                        effective_parameters,
                        batches=10,
                        ismulti=context.executemany,
                    ),
                )
            else:
                self._log_info(
                    "[%s] [SQL parameters hidden due to hide_parameters=True]",
                    stats,
                )
    
        evt_handled: bool = False
        try:
            if context.execute_style is ExecuteStyle.EXECUTEMANY:
                effective_parameters = cast(
                    "_CoreMultiExecuteParams", effective_parameters
                )
                if self.dialect._has_events:
                    for fn in self.dialect.dispatch.do_executemany:
                        if fn(
                            cursor,
                            str_statement,
                            effective_parameters,
                            context,
                        ):
                            evt_handled = True
                            break
                if not evt_handled:
                    self.dialect.do_executemany(
                        cursor,
                        str_statement,
                        effective_parameters,
                        context,
                    )
            elif not effective_parameters and context.no_parameters:
                if self.dialect._has_events:
                    for fn in self.dialect.dispatch.do_execute_no_params:
                        if fn(cursor, str_statement, context):
                            evt_handled = True
                            break
                if not evt_handled:
                    self.dialect.do_execute_no_params(
                        cursor, str_statement, context
                    )
            else:
                effective_parameters = cast(
                    "_CoreSingleExecuteParams", effective_parameters
                )
                if self.dialect._has_events:
                    for fn in self.dialect.dispatch.do_execute:
                        if fn(
                            cursor,
                            str_statement,
                            effective_parameters,
                            context,
                        ):
                            evt_handled = True
                            break
                if not evt_handled:
>                   self.dialect.do_execute(
                        cursor, str_statement, effective_parameters, context
                    )

.venv\Lib\site-packages\sqlalchemy\engine\base.py:1969: 
_ _ _ _ _ _ _ _ _ _ _ _ _ _ _ _ _ _ _ _ _ _ _ _ _ _ _ _ _ _ _ _ _ _ _ _ _ _ _ _

self = <sqlalchemy.dialects.sqlite.pysqlite.SQLiteDialect_pysqlite object at 0x0000026D0353D3D0>
cursor = <sqlite3.Cursor object at 0x0000026D035DCBC0>
statement = 'SELECT users.id AS users_id, users.username AS users_username, users.email AS users_email, users.hashed_password AS u...er AS users_is_superuser, users.created_at AS users_created_at \nFROM users \nWHERE users.email = ?\n LIMIT ? OFFSET ?'
parameters = ('test@example.com', 1, 0)
context = <sqlalchemy.dialects.sqlite.base.SQLiteExecutionContext object at 0x0000026D0372D490>

    def do_execute(self, cursor, statement, parameters, context=None):
>       cursor.execute(statement, parameters)
E       sqlite3.OperationalError: no such table: users

.venv\Lib\site-packages\sqlalchemy\engine\default.py:922: OperationalError

The above exception was the direct cause of the following exception:

client = <starlette.testclient.TestClient object at 0x0000026D034DDBB0>
test_user_data = {'email': 'test@example.com', 'password': 'TestPassword123!', 'username': 'testuser'}

    def test_signup_success(client, test_user_data):
>       response = client.post("/api/v1/auth/signup", json=test_user_data)

backend\tests\test_signup.py:55: 
_ _ _ _ _ _ _ _ _ _ _ _ _ _ _ _ _ _ _ _ _ _ _ _ _ _ _ _ _ _ _ _ _ _ _ _ _ _ _ _
.venv\Lib\site-packages\starlette\testclient.py:590: in post
    return super().post(
.venv\Lib\site-packages\httpx\_client.py:1132: in post
    return self.request(
.venv\Lib\site-packages\starlette\testclient.py:465: in request
    return super().request(
.venv\Lib\site-packages\httpx\_client.py:814: in request
    return self.send(request, auth=auth, follow_redirects=follow_redirects)
.venv\Lib\site-packages\httpx\_client.py:901: in send
    response = self._send_handling_auth(
.venv\Lib\site-packages\httpx\_client.py:929: in _send_handling_auth
    response = self._send_handling_redirects(
.venv\Lib\site-packages\httpx\_client.py:966: in _send_handling_redirects
    response = self._send_single_request(request)
.venv\Lib\site-packages\httpx\_client.py:1002: in _send_single_request
    response = transport.handle_request(request)
.venv\Lib\site-packages\starlette\testclient.py:342: in handle_request
    raise exc
.venv\Lib\site-packages\starlette\testclient.py:339: in handle_request
    portal.call(self.app, scope, receive, send)
.venv\Lib\site-packages\anyio\from_thread.py:277: in call
    return cast(T_Retval, self.start_task_soon(func, *args).result())
C:\Users\rerel\AppData\Local\Programs\Python\Python312\Lib\concurrent\futures\_base.py:456: in result
    return self.__get_result()
C:\Users\rerel\AppData\Local\Programs\Python\Python312\Lib\concurrent\futures\_base.py:401: in __get_result
    raise self._exception
.venv\Lib\site-packages\anyio\from_thread.py:217: in _call_func
    retval = await retval
.venv\Lib\site-packages\fastapi\applications.py:1106: in __call__
    await super().__call__(scope, receive, send)
.venv\Lib\site-packages\starlette\applications.py:122: in __call__
    await self.middleware_stack(scope, receive, send)
.venv\Lib\site-packages\starlette\middleware\errors.py:184: in __call__
    raise exc
.venv\Lib\site-packages\starlette\middleware\errors.py:162: in __call__
    await self.app(scope, receive, _send)
.venv\Lib\site-packages\starlette\middleware\cors.py:83: in __call__
    await self.app(scope, receive, send)
.venv\Lib\site-packages\starlette\middleware\exceptions.py:79: in __call__
    raise exc
.venv\Lib\site-packages\starlette\middleware\exceptions.py:68: in __call__
    await self.app(scope, receive, sender)
.venv\Lib\site-packages\fastapi\middleware\asyncexitstack.py:20: in __call__
    raise e
.venv\Lib\site-packages\fastapi\middleware\asyncexitstack.py:17: in __call__
    await self.app(scope, receive, send)
.venv\Lib\site-packages\starlette\routing.py:718: in __call__
    await route.handle(scope, receive, send)
.venv\Lib\site-packages\starlette\routing.py:276: in handle
    await self.app(scope, receive, send)
.venv\Lib\site-packages\starlette\routing.py:66: in app
    response = await func(request)
.venv\Lib\site-packages\fastapi\routing.py:274: in app
    raw_response = await run_endpoint_function(
.venv\Lib\site-packages\fastapi\routing.py:193: in run_endpoint_function
    return await run_in_threadpool(dependant.call, **values)
.venv\Lib\site-packages\starlette\concurrency.py:41: in run_in_threadpool
    return await anyio.to_thread.run_sync(func, *args)
.venv\Lib\site-packages\anyio\to_thread.py:33: in run_sync
    return await get_asynclib().run_sync_in_worker_thread(
.venv\Lib\site-packages\anyio\_backends\_asyncio.py:877: in run_sync_in_worker_thread
    return await future
.venv\Lib\site-packages\anyio\_backends\_asyncio.py:807: in run
    result = context.run(func, *args)
backend\app\api\v1\endpoints\auth.py:86: in signup
    if get_user_by_email(db, email=user_in.email):
backend\app\api\v1\endpoints\auth.py:27: in get_user_by_email
    return db.query(User).filter(User.email == email).first()
.venv\Lib\site-packages\sqlalchemy\orm\query.py:2748: in first
    return self.limit(1)._iter().first()  # type: ignore
.venv\Lib\site-packages\sqlalchemy\orm\query.py:2847: in _iter
    result: Union[ScalarResult[_T], Result[_T]] = self.session.execute(
.venv\Lib\site-packages\sqlalchemy\orm\session.py:2308: in execute
    return self._execute_internal(
.venv\Lib\site-packages\sqlalchemy\orm\session.py:2190: in _execute_internal
    result: Result[Any] = compile_state_cls.orm_execute_statement(
.venv\Lib\site-packages\sqlalchemy\orm\context.py:293: in orm_execute_statement
    result = conn.execute(
.venv\Lib\site-packages\sqlalchemy\engine\base.py:1416: in execute
    return meth(
.venv\Lib\site-packages\sqlalchemy\sql\elements.py:516: in _execute_on_connection
    return connection._execute_clauseelement(
.venv\Lib\site-packages\sqlalchemy\engine\base.py:1639: in _execute_clauseelement
    ret = self._execute_context(
.venv\Lib\site-packages\sqlalchemy\engine\base.py:1848: in _execute_context
    return self._exec_single_context(
.venv\Lib\site-packages\sqlalchemy\engine\base.py:1988: in _exec_single_context
    self._handle_dbapi_exception(
.venv\Lib\site-packages\sqlalchemy\engine\base.py:2343: in _handle_dbapi_exception
    raise sqlalchemy_exception.with_traceback(exc_info[2]) from e
.venv\Lib\site-packages\sqlalchemy\engine\base.py:1969: in _exec_single_context
    self.dialect.do_execute(
_ _ _ _ _ _ _ _ _ _ _ _ _ _ _ _ _ _ _ _ _ _ _ _ _ _ _ _ _ _ _ _ _ _ _ _ _ _ _ _

self = <sqlalchemy.dialects.sqlite.pysqlite.SQLiteDialect_pysqlite object at 0x0000026D0353D3D0>
cursor = <sqlite3.Cursor object at 0x0000026D035DCBC0>
statement = 'SELECT users.id AS users_id, users.username AS users_username, users.email AS users_email, users.hashed_password AS u...er AS users_is_superuser, users.created_at AS users_created_at \nFROM users \nWHERE users.email = ?\n LIMIT ? OFFSET ?'
parameters = ('test@example.com', 1, 0)
context = <sqlalchemy.dialects.sqlite.base.SQLiteExecutionContext object at 0x0000026D0372D490>

    def do_execute(self, cursor, statement, parameters, context=None):
>       cursor.execute(statement, parameters)
E       sqlalchemy.exc.OperationalError: (sqlite3.OperationalError) no such table: users
E       [SQL: SELECT users.id AS users_id, users.username AS users_username, users.email AS users_email, users.hashed_password AS users_hashed_password, users.is_active AS users_is_active, users.is_superuser AS users_is_superuser, users.created_at AS users_created_at 
E       FROM users 
E       WHERE users.email = ?
E        LIMIT ? OFFSET ?]
E       [parameters: ('test@example.com', 1, 0)]
E       (Background on this error at: https://sqlalche.me/e/20/e3q8)

.venv\Lib\site-packages\sqlalchemy\engine\default.py:922: OperationalError
============================== warnings summary ===============================
.venv\Lib\site-packages\pydantic\_internal\_config.py:268
.venv\Lib\site-packages\pydantic\_internal\_config.py:268
.venv\Lib\site-packages\pydantic\_internal\_config.py:268
.venv\Lib\site-packages\pydantic\_internal\_config.py:268
  C:\Users\rerel\OneDrive\Bureau\Esiee\Esiee\E5\fullstack-data-application\10-projet\.venv\Lib\site-packages\pydantic\_internal\_config.py:268: PydanticDeprecatedSince20: Support for class-based `config` is deprecated, use ConfigDict instead. Deprecated in Pydantic V2.0 to be removed in V3.0. See Pydantic V2 Migration Guide at https://errors.pydantic.dev/2.5/migration/
    warnings.warn(DEPRECATION_MESSAGE, DeprecationWarning)

-- Docs: https://docs.pytest.org/en/stable/how-to/capture-warnings.html
=========================== short test summary info ===========================
FAILED backend/tests/test_signup.py::test_signup_success - sqlalchemy.exc.Ope...
======================== 1 failed, 4 warnings in 1.47s ========================
